  #Not ( {
    X
  #Equals
    a
  } )
#And
  #Not ( {
    X
  #Equals
    b
  } )
#And
  <k>
    g ( X )
  </k>
