  #Not ( {
    I
  #Equals
    0
  } )
#And
  <T>
    <k>
      #done ( 0 )
    </k>
  </T>
#And
  {
    DotVar0
  #Equals
    <generatedCounter>
      DotVar00
    </generatedCounter>
  }
#And
  {
    I >Int 0
  #Equals
    true
  }
