test-exception-5.kore:6:5:
  |
6 |     -X:S []
  |     ^
unexpected '-'
expecting identifier or string literal

