./test/resources//test-exception-4.kore:6:5:
  |
6 |     2X:S []
  |     ^
unexpected '2'
expecting first identifier character
