<generatedTop>
  <T>
    <k>
      success
    </k>
    <a>
      3 |-> success
    </a>
  </T>
  <generatedCounter>
    0
  </generatedCounter>
</generatedTop>
