  #Not ( {
    bool2Int ( I ==Int 0 )
  #Equals
    1
  } )
#And
  <T>
    <k>
      #done ( bool2Int ( I ==Int 0 ) ) ~> .
    </k>
  </T>
#And
  {
    I >=Int 0
  #Equals
    true
  }
