  #Not ( {
    X
  #Equals
    a
  } )
#And
  #Not ( {
    X
  #Equals
    b
  } )
#And
  <k>
    partial ( X ) ~> .
  </k>
#And
  {
    _DotVar0
  #Equals
    <generatedCounter>
      _DotVar1
    </generatedCounter>
  }
