  #Not ( #Not ( {
      X
    #Equals
      Y
    } )
  #And
    {
      false
    #Equals
      X:Int in_keys ( M )
    } )
#And
  <T>
    <k>
      added
    </k>
    <a>
      M
      X:Int |-> 3
      Y:Int |-> 2
    </a>
  </T>
#And
  {
    Y:Int in_keys ( M )
  #Equals
    false
  }
