  #Ceil ( f ( 3 ) )
#And
  #Ceil ( f ( X ) )
#And
  #Not ( #Not ( {
      2
    #Equals
      f ( X )
    } )
  #And
    {
      f ( X ) in_keys ( M )
    #Equals
      false
    }
  #And
    {
      false
    #Equals
      2 in_keys ( M )
    } )
#And
  <T>
    <k>
      added
    </k>
    <a>
      2 |-> 3
      M
      f ( X ) |-> f ( 3 )
    </a>
  </T>
#And
  {
    2 in_keys ( M )
  #Equals
    false
  }
