<generatedTop>
  <T>
    <k>
      a
    </k>
    <l>
      ListItem ( a )
      ListItem ( b )
      ListItem ( c )
      .List
    </l>
    <v> 
      .K
    </v>
  </T>
  <generatedCounter>
    0
  </generatedCounter>
</generatedTop>
