Parse error: Error in module 'ARROW' -> axiom declaration -> \implies (../src/test/resources//imp.kore 357:14) -> symbol or alias '#provable' (../src/test/resources//imp.kore 362:7) -> (<implicitly defined entity>, ../src/test/resources//imp.kore 363:14): Expecting sort '#Pattern{}' but got 'K{}'.