Error in module 'TEST-HOOKS-5' -> hooked-symbol 'f' declaration (../src/test/resources//test-hooks-5.kore 8:17): missing hook attribute