Error in module 'BOOL' -> hooked-symbol 'andBool' declaration (../src/test/resources//test-bool-3.kore 4:19) -> In argument sorts: Expected 2 arguments, found 1