Error in module 'DV-1' -> axiom declaration -> \dv (../src/test/resources//test-dv-3.kore 4:18) -> (../src/test/resources//test-dv-3.kore 4:18): Sorts used with domain value must have the hasDomainValues attribute.