inj{SortNat{}, SortK{}}(
    LblSucc'LParUndsRParUnds'PEANO'UndsUnds'Nat{}(
        LblSucc'LParUndsRParUnds'PEANO'UndsUnds'Nat{}(
            LblSucc'LParUndsRParUnds'PEANO'UndsUnds'Nat{}(
                LblSucc'LParUndsRParUnds'PEANO'UndsUnds'Nat{}(
                    LblSucc'LParUndsRParUnds'PEANO'UndsUnds'Nat{}(
                        LblSucc'LParUndsRParUnds'PEANO'UndsUnds'Nat{}(
                            LblSucc'LParUndsRParUnds'PEANO'UndsUnds'Nat{}(
                                LblSucc'LParUndsRParUnds'PEANO'UndsUnds'Nat{}(
                                    LblZero'Unds'PEANO'Unds'{}()
                                )
                            )
                        )
                    )
                )
            )
        )
    )
)
