<generatedTop>
  <T>
    <k>
      c
    </k>
    <s1>
      SetItem ( a )
      SetItem ( b )
    </s1>
  </T>
  <generatedCounter>
    0
  </generatedCounter>
</generatedTop>
