Parse error: "../../../test/resources//test-exception-11.kore" (line 6, column 21):
unexpected "["
expecting white space
metaSortConverter: Non empty parameter sorts..