Definition
    { definitionAttributes = Attributes []
    , definitionModules =
        [ Module
            { moduleName = ModuleName "TEST-ALIAS-8"
            , moduleSentences =
                [ ObjectSentence (SentenceSortSentence SentenceSort
                    { sentenceSortName = Id Object "Nat"
                    , sentenceSortParameters = []
                    , sentenceSortAttributes = Attributes []
                    })
                , ObjectSentence (SentenceAliasSentence SentenceAlias
                    { sentenceAliasAlias =
                        Alias
                            { aliasConstructor = Id Object "f"
                            , aliasParams =
                                [ SortVariable (Id Object "S")
                                ]
                            }
                    , sentenceAliasSorts =
                        [ SortActualSort SortActual
                            { sortActualName = Id Object "Nat"
                            , sortActualSorts = []
                            }
                        , SortVariableSort (SortVariable (Id Object "S"))
                        ]
                    , sentenceAliasReturnSort =
                        SortVariableSort (SortVariable (Id Object "S"))
                    , sentenceAliasAttributes = Attributes []
                    })
                ]
            , moduleAttributes = Attributes []
            }
        ]
    }