Definition
    { definitionAttributes = Attributes []
    , definitionModules =
        [ Module
            { moduleName = ModuleName "TEST-COMMENT-6"
            , moduleSentences =
                [ ObjectSentence (SentenceSortSentence SentenceSort
                    { sentenceSortName = Id Object "Nat"
                    , sentenceSortParameters = []
                    , sentenceSortAttributes = Attributes []
                    })
                ]
            , moduleAttributes = Attributes []
            }
        ]
    }