Definition
    { definitionAttributes = Attributes []
    , definitionModules =
        [ Module
            { moduleName = ModuleName "TEST-PATTERN-13"
            , moduleSentences =
                [ MetaSentence (SentenceAxiomSentence SentenceAxiom
                    { sentenceAxiomParameters =
                        [ UnifiedObject (SortVariable (Id "S" :: Id Object))
                        ]
                    , sentenceAxiomPattern =
                        Fix (UnifiedPattern (UnifiedObject (Rotate31 (FloorPattern Floor
                            { floorOperandSort =
                                SortVariableSort (SortVariable (Id "S" :: Id Object))
                            , floorResultSort =
                                SortVariableSort (SortVariable (Id "S" :: Id Object))
                            , floorChild =
                                Fix (UnifiedPattern (UnifiedObject (Rotate31 (VariablePattern Variable
                                    { variableName = Id "X" :: Id Object
                                    , variableSort =
                                        SortVariableSort (SortVariable (Id "S" :: Id Object))
                                    }))))
                            }))))
                    , sentenceAxiomAttributes = Attributes []
                    })
                ]
            , moduleAttributes = Attributes []
            }
        ]
    }