Definition
    { definitionAttributes = Attributes []
    , definitionModules =
        [ Module
            { moduleName = ModuleName "TEST4"
            , moduleSentences =
                [ ObjectSentence (SentenceSortSentence SentenceSort
                    { sentenceSortName = Id Object "Map"
                    , sentenceSortParameters =
                        [ SortVariable (Id Object "S")
                        , SortVariable (Id Object "T")
                        ]
                    , sentenceSortAttributes = Attributes []
                    })
                ]
            , moduleAttributes = Attributes []
            }
        ]
    }