Parse error: "../../../test/resources//test-exception-16.kore" (line 6, column 8):
unexpected "S"
expecting "#".