Parse error: "../../../test/resources//test-exception-12.kore" (line 6, column 9):
genericIdRawParser: Invalid first character '#'..