Definition
    { definitionAttributes = Attributes []
    , definitionModules =
        [ Module
            { moduleName = ModuleName "TEST-ALIAS-4"
            , moduleSentences =
                [ ObjectSentence (SentenceAliasSentence SentenceAlias
                    { sentenceAliasAlias =
                        Alias
                            { aliasConstructor = Id Object "f"
                            , aliasParams =
                                [ SortVariable (Id Object "S")
                                ]
                            }
                    , sentenceAliasSorts = []
                    , sentenceAliasReturnSort =
                        SortVariableSort (SortVariable (Id Object "S"))
                    , sentenceAliasAttributes = Attributes []
                    })
                ]
            , moduleAttributes = Attributes []
            }
        ]
    }