Definition
    { definitionAttributes = Attributes []
    , definitionModules =
        [ Module
            { moduleName = ModuleName "TEST-PATTERN-12"
            , moduleSentences =
                [ MetaSentence (SentenceAxiomSentence SentenceAxiom
                    { sentenceAxiomParameters =
                        [ ObjectSortVariable (SortVariable (Id Object "S"))
                        ]
                    , sentenceAxiomPattern =
                        ObjectPattern (CeilPattern Ceil
                            { ceilOperandSort =
                                SortVariableSort (SortVariable (Id Object "S"))
                            , ceilResultSort =
                                SortVariableSort (SortVariable (Id Object "S"))
                            , ceilChild =
                                ObjectPattern (VariablePattern Variable
                                    { variableName = Id Object "X"
                                    , variableSort =
                                        SortVariableSort (SortVariable (Id Object "S"))
                                    })
                            })
                    , sentenceAxiomAttributes = Attributes []
                    })
                ]
            , moduleAttributes = Attributes []
            }
        ]
    }