Definition
    { definitionAttributes = Attributes []
    , definitionModules =
        [ Module
            { moduleName = ModuleName "TEST-ATTRIBUTE-1"
            , moduleSentences =
                [ ObjectSentence (SentenceSortSentence SentenceSort
                    { sentenceSortName = Id "Nat" :: Id Object
                    , sentenceSortParameters = []
                    , sentenceSortAttributes =
                        Attributes 
                            [ Fix (UnifiedPattern (UnifiedObject (Rotate31 (ApplicationPattern Application
                                { applicationSymbolOrAlias =
                                    SymbolOrAlias
                                        { symbolOrAliasConstructor = Id "hook" :: Id Object
                                        , symbolOrAliasParams = []
                                        }
                                , applicationChildren =
                                    [ Fix (UnifiedPattern (UnifiedObject (Rotate31 (DomainValuePattern DomainValue
                                        { domainValueSort =
                                            SortActualSort SortActual
                                                { sortActualName = Id "Hook" :: Id Object
                                                , sortActualSorts = []
                                                }
                                        , domainValueChild =
                                            Fix (UnifiedPattern (UnifiedMeta (Rotate31 (StringLiteralPattern (StringLiteral "Nat")))))
                                        }))))
                                    ]
                                }))))
                            ]
                    })
                ]
            , moduleAttributes = Attributes []
            }
        ]
    }