Definition
    { definitionAttributes = Attributes []
    , definitionModules =
        [ Module
            { moduleName = ModuleName "TEST-COMMENT-4"
            , moduleSentences =
                [ ObjectSentence (SentenceSortSentence SentenceSort
                    { sentenceSortName = Id "Nat" :: Id Object
                    , sentenceSortParameters = []
                    , sentenceSortAttributes = Attributes []
                    })
                ]
            , moduleAttributes = Attributes []
            }
        ]
    }