Parse error: "../../../test/resources//test-exception-7.kore" (line 6, column 7):
genericIdRawParser: Invalid first character '2'..