Definition
    { definitionAttributes = Attributes []
    , definitionModules =
        [ Module
            { moduleName = ModuleName "TEST-PATTERN-4"
            , moduleSentences =
                [ MetaSentence (SentenceAxiomSentence SentenceAxiom
                    { sentenceAxiomParameters =
                        [ ObjectSortVariable (SortVariable (Id Object "S"))
                        ]
                    , sentenceAxiomPattern =
                        ObjectPattern (OrPattern Or
                            { orSort =
                                SortVariableSort (SortVariable (Id Object "S"))
                            , orFirst =
                                ObjectPattern (VariablePattern Variable
                                    { variableName = Id Object "X"
                                    , variableSort =
                                        SortVariableSort (SortVariable (Id Object "S"))
                                    })
                            , orSecond =
                                ObjectPattern (VariablePattern Variable
                                    { variableName = Id Object "X"
                                    , variableSort =
                                        SortVariableSort (SortVariable (Id Object "S"))
                                    })
                            })
                    , sentenceAxiomAttributes = Attributes []
                    })
                ]
            , moduleAttributes = Attributes []
            }
        ]
    }