Definition
    { definitionAttributes = Attributes []
    , definitionModules =
        [ Module
            { moduleName = ModuleName "TEST-PATTERN-2"
            , moduleSentences =
                [ MetaSentence (SentenceAxiomSentence SentenceAxiom
                    { sentenceAxiomParameters =
                        [ ObjectSortVariable (SortVariable (Id Object "S"))
                        ]
                    , sentenceAxiomPattern =
                        ObjectPattern (BottomPattern (Bottom (SortVariableSort (SortVariable (Id Object "S")))))
                    , sentenceAxiomAttributes = Attributes []
                    })
                ]
            , moduleAttributes = Attributes []
            }
        ]
    }