Definition
    { definitionAttributes =
        Attributes 
            [ Fix (UnifiedPattern (UnifiedObject (Rotate31 (ApplicationPattern Application
                { applicationSymbolOrAlias =
                    SymbolOrAlias
                        { symbolOrAliasConstructor = (Id "hook" AstLocationNone) :: Id Object
                        , symbolOrAliasParams = []
                        }
                , applicationChildren =
                    [ Fix (UnifiedPattern (UnifiedObject (Rotate31 (DomainValuePattern DomainValue
                        { domainValueSort =
                            SortActualSort SortActual
                                { sortActualName = (Id "Hook" AstLocationNone) :: Id Object
                                , sortActualSorts = []
                                }
                        , domainValueChild =
                            Fix (UnifiedPattern (UnifiedMeta (Rotate31 (StringLiteralPattern (StringLiteral "\251")))))
                        }))))
                    ]
                }))))
            ]
    , definitionModules =
        [ Module
            { moduleName = ModuleName "TEST-STRING-6"
            , moduleSentences = []
            , moduleAttributes = Attributes []
            }
        ]
    }