  <T>
    <k>
      #execute ~> .
    </k>
    <state>
      "x" |-> X +Int 1
    </state>
  </T>
#And
  {
    X >Int 5
  #Equals
    true
  }
#And
  {
    true
  #Equals
    5 <Int X
  }
#And
  {
    true
  #Equals
    X <Int 8
  }
